<!DOCTYPE html>
<html appmode="pre-production-v1">
	<head>
		<title>CHANGED TITLE</title>
		<link href="css1.css" rel="stylesheet">
		<link href="css2.css" rel="stylesheet">
		<link href="css3.css" rel="stylesheet">
	</head>
	<body><span>Im being prepended</span>
		
		<div>Sample</div>
		<div id="sample2">Ive been updated via callback</div>
		<script>
			var xyz = 123;
		</script>
	<div id="appended">Im being appended</div></body>
</html>
